[    000000] Initializing cgroup subsys cpuset
[    0.000000]Inialing cgroup subsys cpu
[    0.000000] Initializing cgroup subsys cpuacct
[    0.000000] Linux version.4-128-generic (buildd@lcy01-amd64-019) (gcc version 5.4.0 20160609 ((Ubuntu.40-ubun1~.04.9) ) #154-Ubuntu SMP Fri May 25 14:15:18 UTC 2018 (Ubuntu.4-128.1-geric 4.13
[    0.000000] Command line: BOOT_IMAGE=/boot/vmlinuz-4.4.0-128geericroot=LABEL=cloudimg-rootfs ro console=tty1 console=ttyS0
[  000000]ERNEL supported cpus:
[    0.000000]   Intel GenuineIntel
[    0.000000]   AMD AuthenticAM
[    0.0000]  Centaur CentaurHauls
[    0.00000 x/fpu: xste_fset[2]:  576, xstatsis[2]:  256[    0.000000] x86/fpu: Supporting XSAVE feature 0x01: 'x87 floating point registers'
[    0.000000] x86/fpu: Supporting XSAVE feature 0x02: 'SSE registers'
[    0.000000] x86/fpu: Supporting XSAVE feature 0x04: 'AVX registers'
[    0.000000] x86/fpu: Enabled xstate features 0x7, context size is 832 bytes, using 'standard' format.
[    0.000000] x86/fpu: Using 'lazy' FPU context switches.
[    0.000000] e820: BIOS-provided physical RAM map:
[    0.000000] BIOS-e820: [mem 0x0000000000000000-0x000000000009fbff] usable
[    0.000000] BIOS-e820: [mem 0x000000000009fc00-0x000000000009ffff] reserved
[    0.000000] BIOS-e820: [mem 0x00000000000f0000-0x00000000000fffff] reserved
[    0.000000] BIOS-e820: [mem 0x0000000000100000-0x000000003ffeffff] usable
[    0.000000] BIOS-e820: [mem 0x000000003fff0000-0x000000003fffffff] ACPI data
[    0.000000] BIOS-e820: [mem 0x00000000fec00000-0x00000000fec00fff] reserved
[    0.000000] BIOS-e820: [mem 0x00000000fee00000-0x00000000fee00fff] reserved
[    0.000000] BIOS-e820: [mem 0x00000000fffc0000-0x00000000ffffffff] reserved
[    0.000000] NX (Execute Disable) protection: active
[  0.000000] SMBIOS 2.5 present.
[   0.000000] Hypervisor detected: KVM
[    0.000000] e820: last_pfn = 0x3fff0 max_arch_pfn = 0x400000000
[    0.000000] MTRR: Disabled
[    0.000000] x86/PAT: MTRRs disabled, skipping PAT initialization too.
[    0.000000] CPU MTRRs all blank - virtualized system.
[    0.000000] x86/PAT: Configuration [0-7]: WB  WT  UC- UC  WB  WT  UC- UC  
[    0.000000] found SMP MP-table at [mem 0x0009fff0-0x0009ffff] mapped at [ffff88000009fff0]
[    0.000000] Scanning 1 areas for low memory corruption
[    0.000000] RAMDISK: [mem 0x36aa4000-0x37549fff]
[    0.000000] ACPI: Early table checksum verification disabled
[    0.000000] ACPI: RSDP 0x00000000000E0000 000024 (v02 VBOX  )
[    0.000000] ACPI: XSDT 0x000000003FFF0030 00003C (v01 VBOX   VBOXXSDT 00000001 ASL  00000061)
[    0.000000] ACPI: FACP 0x000000003FFF00F0 0000F4 (v04 VBOX   VBOXFACP 00000001 ASL  00000061)
[    0.000000] ACPI: DSD0x000003FFF0470 0021FF (v02 VBOX   VBOXBIOS 000002 INTL 20100528)
[    0.000000] ACPI: FACS 0x000000003FFF0200 000040
[    0.000000] ACPI: FACS 0x000000003FFF0200 000040
[    0.000000] ACPI: APIC 0x000000003FFF0240 00005C (v02 VBOX   VBOXAPIC 00000001 ASL  00000061)
[    0.000000] ACPI: SSDT 0x000000003FFF02A0 0001CC (v01 VBOX   VBOXCPUT 00000002 INTL 20100528)
[    0.000000] No NUMA configuration found
[    0.000000] Faking a node at [mem 0x0000000000000000-0x000000003ffeffff]
[    0.000000] NODE_DATA(0) allocated [mem 0x3ffeb000-0x3ffeffff]
[    0.000000] kvm-clock: Using msrs 4b564d01 and 4b564d00
[    0.000000] kvm-clock: cpu 0, msr 0:3ffe3001, primary cpu clock
[    0.000000] kvm-clock: using sched offset of 3424931162 cycles
[    0.000000] clocksource: kvm-clock: mask: 0xffffffffffffffff max_cycles: 0x1cd42e4dffb, max_idle_ns: 881590591483 ns
[    0.000000] Zone ranges:
[    0.000000]   DMA      [mem 0x0000000000001000-0x0000000000ffffff]
[    0.000000]   DMA32    [mem 0x0000000001000000-0x000000003ffeffff]
[    0.000000]   Normal   empty
[    0.000000]   Device   empty
[    0.000000] Movable zone start for each node
[    0.000000] Early memory node ranges
[    0.000000]   node   0: [mem 0x0000000000001000-0x000000000009efff]
[    0.000000]   node   0: [mem 0x0000000000100000-0x000000003ffeffff]
[    0.000000] Initmem setup node 0 [mem 0x0000000000001000-0x000000003ffeffff]
[    0.000000] ACPI: PM-Timer IO Port: 0x4008
[    0.000000] IOAPIC[0]: apic_id 2, version 32, address 0xfec00000, GSI 0-23
[  0.00000] APIINTSRC_OVR (bus 0 bus_irq 0 global_irq  d dl)
[  000000] ACPI: INT_SRC_OVR (bus 0 bus_irq 9 global_irq 9 low level)
[    0.000000] Using ACPI (MADT) for SMP configuration infoatn
[  000000] smpboot: Allowing 2 CPUs, 0 hotplug CPUs
[    0.000000] PM: Registered nosave memory: [mem 0x00000000-0x00000fff]
[    0.000000] PM: Registered nosave memory: [mem 0x0009f000-0x0009ffff]
[    0.000000] PM: Registered nosave memory: [mem 0x000a0000-0x000effff]
[    0.000000] PM: Registered nosave memory: [mem 0x000f0000-0x000fffff]
[    0.000000] e820: [mem 0x40000000-0xfebfffff] available for PCI devices
[    0.000000] Booting paravirtualized kernel on KVM
[    0.000000] clocksource: refined-jiffies: mask: 0xffffffff max_cycles: 0xffffffff, max_idle_ns: 7645519600211568 ns
[    0.000000] setup_percpu: NR_CPUS:512 nr_cpumask_bits:512 nr_cpu_ids:2 nr_node_ids:1
[    0.000000] PERCPU: Embedded 34 pages/cpu @ffff88003fc00000 s99544 r8192 d31528 u1048576
[    0.000000] PV spinlock hash tble entries: 256 (order: 0, 4096 bytes)
[    0.000000] Built 1 zonelists in Node order, mobility grouping on.  Total pages: 257912
[    0.000000] Policy zone: DMA32
[    0.000000] Kernel command line: BOOT_IMAGE=/boot/vmlinuz-4.4.0-128-generic root=LABEL=cloudimg-rootfs ro console=tty1 console=ttyS0
[    0.000000] PID hash table entries: 4096 (order: 3, 32768 bytes)
[    0.000000] Memory: 1001616K/1048120K available (8541K kernel code, 1313K rwdata, 4000K rodata, 1512K init, 1316K bss, 46504K reserved, 0K cma-reserved)
[    0.000000] SLUB: HWalign=64, Order=0-3, MinObjects=0, CPUs=2, Nodes=1
[    0.000000] Kernel/User page tables isolation: enabled
[    0.000000] Hierarchical RCU implementation.
[    0.000000] 	Build-time adjustment of leaf fanout to 64.
[    0.000000] 	RCU restricting CPUs from NR_CPUS=512 to nr_cpu_ids=2.
[    0.000000] RCU: Adjusting geometry for rcu_fanout_leaf=64, nr_cpu_ids=2
[    0.000000] NR_IRQS:33024 nr_irqs:440 16
[    0.000000] Console: colour VGA+ 80x25
[    0.000000] console [tty1] enabled
[    0.000000] console [ttyS0] enabled
[    0.000000] tsc: Detected 2711.994 MHz processor
[    1.515840] Calibrating delay loop (skipped) preset value.. 5423.98 BogoMIPS (lpj=10847976)
[    1.517396] pid_max: default: 32768 minimum: 301
[    1.518208] ACPI: Core revision 20150930
[    1.520032] ACPI: 2 ACPI AML tables successfully acquired and loaded
[    1.521600] Security Framework initialized
[    1.522333] Yama: becoming mindful.
[    1.523035] AppArmor: AppArmor initialized

[    1.523840] Dentry cache hash table entries: 131072 (order: 8, 1048576 bytes)
[    1.529628] Inode-cache hash table entries: 65536 (order: 7, 524288 bytes)
[    1.536668] Mount-cache hash table entries: 2048 (order: 2, 16384 bytes)
[    1.538058] Mountpoint-cache hash table entries: 2048 (order: 2, 16384 bytes)
[    1.539471] Initializing cgroup subsys io
[    1.540236] Initializing cgroup subsys memory
[    1.541043] Initializing cgroup subsys devices
[    1.541839] Initializing cgroup subsys freezer
[    1.542659] Initializing cgroup subsys net_cls
[    1.543455] Initializing cgroup subsys perf_event
[    1.544293] Initializing cgroup subsys net_prio
[    1.545113] Initializing cgroup subsys hugetlb
[    1.545915] Initializing cgroup subsys pids
[    1.546769] CPU: Physical Processor ID: 0
[    1.547515] CPU: Processor Core ID: 0
[    1.549338] mce: CPU supports 0 MCE banks
[    1.550102] Last level iTLB entries: 4KB 64, 2MB 8, 4MB 8
[    1.551038] Last level dTLB entries: 4KB 64, 2MB 0, 4MB 0, 1GB 4
[    1.552039] Spectre V2 : Mitigation: Full generic retpoline
[    1.552987] Spectre V2 : Speculation control IBPB not-supported IBRS not-supported
[    1.560234] Spectre V2 : Filling RSB on context switch
[    1.563710] Speculative Store Bypass: Vulnerable
[    1.610167] Freeing SMP alternatives memory: 32K
[    1.695953] ftrace: allocating 32236 entries in 126 pages
[    1.782368] smpboot: APIC(0) Converting physical 0 to logical package 0
[    1.821120] smpboot: Max logical packages: 1
[    1.822349] x2apic enabled
[    1.855012] Switched APIC routing to physical x2apic.
[    1.857235] ..TIMER: vector=0x30 apic1=0 pin1=2 apic2=-1 pin2=-1
[    1.979153] smpboot: CPU0: Intel(R) Core(TM) i5-7200U CPU @ 2.50GHz (family: 0x6, model: 0x8e, stepping: 0x9)
[    2.018166] Performance Events: unsupported p6 CPU model 142 no PMU driver, software events only.
[    2.020316] KVM setup paravirtual spinlock
[    2.021906] x86: Booting SMP configuration:
[    2.022823] .... node  #0, CPUs:      #1
[    2.023758] kvm-clock: cpu 1, msr 0:3ffe3041, secondary cpu clock
[    2.027233] mce: CPU supports 0 MCE banks
[    2.036506] x86: Booted up 1 node, 2 CPUs
[    2.039613] smpboot: Total of 2 processors activated (10847.97 BogoMIPS)
[    2.041613] devtmpfs: initialized
[    2.051138] evm: security.selinux
[    2.052123] evm: security.SMACK64
[    2.053118] evm: security.SMACK64EXEC
[    2.054221] evm: security.SMACK64TRANSMUTE
[    2.055186] evm: security.SMACK64MMAP
[    2.056062] evm: security.ima
[    2.056883] evm: security.capability
[    2.058008] clocksource: jiffies: mask: 0xffffffff max_cycles: 0xffffffff, max_idle_ns: 7645041785100000 ns
[    2.061150] futex hash table entries: 512 (order: 3, 32768 bytes)
[    2.062507] pinctrl core: initialized pinctrl subsystem
[    2.063815] RTC time: 15:20:39, date: 08/08/18
[    2.064901] NET: Registered protocol family 16
[    2.083428] cpuidle: using governor ladder
[    2.115453] cpuidle: using governor menu
[    2.119108] PCCT header not found.
[    2.120782] ACPI: bus type PCI registered
[    2.128446] acpiphp: ACPI Hot Plug PCI Controller Driver version: 0.5
[    2.136043] PCI: Using configuration type 1 for base access
[    2.185243] ACPI: Added _OSI(Module Device)
[    2.224988] ACPI: Added _OSI(Processor Device)
[    2.232020] ACPI: Added _OSI(3.0 _SCP Extensions)
[    2.238584] ACPI: Added _OSI(Processor Aggregator Device)
[    2.240220] ACPI: Executed 1 blocks of module-level executable AML code
[    2.243821] ACPI: Interpreter enabled
[    2.255472] ACPI: (supports S0 S5)
[    2.261892] ACPI: Using IOAPIC for interrupt routing
[    2.268792] PCI: Using host bridge windows from ACPI; if necessary, use "pci=nocrs" and report a bug
[    2.274345] ACPI: PCI Root Bridge [PCI0] (domain 0000 [bus 00-ff])
[    2.318925] acpi PNP0A03:00: _OSC: OS supports [ASPM ClockPM Segments MSI]
[    2.344371] acpi PNP0A03:00: _OSC: not requesting OS control; OS requires [ExtendedConfig ASPM ClockPM MSI]
[    2.353080] acpi PNP0A03:00: fail to add MMCONFIG information, can't access extended PCI configuration space under this bridge.
[    2.356114] PCI host bridge to bus 0000:00
[    2.357039] pci_bus 0000:00: root bus resource [io  0x0000-0x0cf7 window]
[    2.371731] pci_bus 0000:00: root bus resource [io  0x0d00-0xffff window]
[    2.374937] pci_bus 0000:00: root bus resource [mem 0x000a0000-0x000bffff window]
[    2.390688] pci_bus 0000:00: root bus resource [mem 0x40000000-0xfdffffff window]
[    2.392065] pci_bus 0000:00: root bus resource [bus 00-ff]
[    2.394623] pci 0000:00:01.1: legacy IDE quirk: reg 0x10: [io  0x01f0-0x01f7]
[    2.420453] pci 0000:00:01.1: legacy IDE quirk: reg 0x14: [io  0x03f6]
[    2.479271] pci 0000:00:01.1: legacy IDE quirk: reg 0x18: [io  0x0170-0x0177]
[    2.504773] pci 0000:00:01.1: legacy IDE quirk: reg 0x1c: [io  0x0376]
[    2.538089] pci 0000:00:07.0: quirk: [io  0x4000-0x403f] claimed by PIIX4 ACPI
[    2.552747] pci 0000:00:07.0: quirk: [io  0x4100-0x410f] claimed by PIIX4 SMB
[    2.566368] ACPI: PCI Interrupt Link [LNKA] (IRQs 5 9 10 *11)
[    2.567996] ACPI: PCI Interrupt Link [LNKB] (IRQs 5 9 *10 11)
[    2.569551] ACPI: PCI Interrupt Link [LNKC] (IRQs 5 *9 10 11)
[    2.589328] ACPI: PCI Interrupt Link [LNKD] (IRQs 5 9 10 *11)
[    2.605879] ACPI: Enabled 2 GPEs in block 00 to 07
[    2.614315] vgaarb: setting as boot device: PCI:0000:00:02.0
[    2.618311] vgaarb: device added: PCI:0000:00:02.0,decodes=io+mem,owns=io+mem,locks=none
[    2.620076] vgaarb: loaded
[    2.621869] vgaarb: bridge control possible 0000:00:02.0
[    2.623007] SCSI subsystem initialized
[    2.623821] ACPI: bus type USB registered
[    2.624640] usbcore: registered new interface driver usbfs
[    2.625580] usbcore: registered new interface driver hub
[    2.626500] usbcore: registered new device driver usb
[    2.632027] PCI: Using ACPI for IRQ routing
[    2.639981] NetLabel: Initializing
[    2.640652] NetLabel:  domain hash size = 128
[    2.641440] NetLabel:  protocols = UNLABELED CIPSOv4
[    2.642306] NetLabel:  unlabeled traffic allowed by default
[    2.643337] amd_nb: Cannot enumerate AMD northbridges
[    2.644239] clocksource: Switched to clocksource kvm-clock
[    2.659799] AppArmor: AppArmor Filesystem Enabled
[    2.660772] pnp: PnP ACPI init
[    2.662132] pnp: PnP ACPI: found 3 devices
[  2720]losoceac_p mask: 0xffffff max_cycles: 0xffffff, max_idle_ns: 2085701024 ns
[    3.095508] NET: Registered procol family 2

[    3.148891] TCP established hash table entries: 8192 (order: 4, 65536 bytes)
[    3.156313] TCP bind hash table entries: 8192 (order: 5, 131072 bytes)
[    1527] TCP: Hastabl configured (established 8192 bind 8192)
[    3.350656] UDP hash table entries: 512 (order: 2, 16384 bytes)
[    3.351646] UDP-Lite hash table entries: 512 (order: 2, 16384 bytes)
[    3.352745] NET: Registered protocol family 1
[   .353763] pci 0000:00:00.0: Limiting direct PCI/PCI transfers
[  3.403684] pci 0000:00:01.0: Activating ISA DMA hang workarounds
[    3.451735] Unpacking initramfs...

[    5.278649] Freeing initrd memory: 10904K
[    5.279815] platform rtc_cmos: registered platform RTC device (no PNP device found)
[    5.281741] Scanning for low memory corruption every 60 seconds
[    5.283367] audit: initializing netlink subsys (disabled)
[    5.284589] audit: type=2000 audit(1533741645.895:1): initialized
[    5.286380] Initialise system trusted keyring
[    5.287966] HugeTLB registered 2 MB page size, pre-allocated 0 pages
[    5.290629] zbud: loaded
[    5.291755] VFS: Disk quotas dquot_6.6.0
[    5.292576] VFS: Dquot-cache hash table entries: 512 (order 0, 4096 bytes)
[    5.293935] squashfs: version 4.0 (2009/01/31) Phillip Lougher
[    5.295190] fuse init (API version 7.23)
[    5.296042] Key type big_key registered
[    5.296848] Allocating IMA MOK and blacklist keyrings.
[    5.300757] Key type asymmetric registered
[    5.301839] Asymmetric key parser 'x509' registered
[    5.303166] Block layer SCSI generic (bsg) driver version 0.4 loaded (major 249)
[    5.305107] io scheduler noop registered
[    5.305985] io scheduler deadline registered (default)
[    5.307230] io scheduler cfq registered
[    5.308348] pci_hotplug: PCI Hot Plug PCI Core version: 0.5
[    5.309788] pciehp: PCI Express Hot Plug Controller Driver version: 0.4
[    5.311308] ACPI: AC Adapter [AC] (on-line)
[    5.312300] input: Power Button as /devices/LNXSYSTM:00/LNXPWRBN:00/input/input0
[    5.313816] ACPI: Power Button [PWRF]
[    5.314588] input: Sleep Button as /devices/LNXSYSTM:00/LNXSLPBN:00/input/input1
[    5.315964] ACPI: Sleep Button [SLPF]
[    5.317508] ACPI: Battery Slot [BAT0] (battery present)
[    5.318448] GHES: HEST is not enabled!
[    5.319455] Serial: 8250/16550 driver, 32 ports, IRQ sharing enabled
[    5.376823] 00:02: ttyS0 at I/O 0x3f8 (irq = 4, base_baud = 115200) is a 16550A
[    5.395370] Linux agpgart interface v0.103
[    5.397972] loop: module loaded
[    5.406027] scsi host0: ata_piix
[    5.406873] scsi host1: ata_piix
[    5.407554] ata1: PATA max UDMA/33 cmd 0x1f0 ctl 0x3f6 bmdma 0xd000 irq 14
[    5.408735] ata2: PATA max UDMA/33 cmd 0x170 ctl 0x376 bmdma 0xd008 irq 15
[    5.409915] libphy: Fixed MDIO Bus: probed
[    5.410719] tun: Universal TUN/TAP device driver, 1.6
[    5.411648] tun: (C) 1999-2004 Max Krasnyansky <maxk@qualcomm.com>
[    5.412807] PPP generic driver version 2.4.2
[    5.413626] ehci_hcd: USB 2.0 'Enhanced' Host Controller (EHCI) Driver
[    5.414677] ehci-pci: EHCI PCI platform driver
[    5.415567] ehci-platform: EHCI generic platform driver
[    5.416506] ohci_hcd: USB 1.1 'Open' Host Controller (OHCI) Driver
[    5.453047] ohci-pci: OHCI PCI platform driver
[    5.454050] ohci-platform: OHCI generic platform driver
[    5.454970] uhci_hcd: USB Universal Host Controller Interface driver
[    5.456061] i8042: PNP: PS/2 Controller [PNP0303:PS2K,PNP0f03:PS2M] at 0x60,0x64 irq 1,12
[    5.458132] serio: i8042 KBD port at 0x60,0x64 irq 1
[    5.459144] serio: i8042 AUX port at 0x60,0x64 irq 12
[    5.466947] mousedev: PS/2 mouse device common for all mice
[    5.468371] input: AT Translated Set 2 keyboard as /devices/platform/i8042/serio0/input/input2
[    5.470652] rtc_cmos rtc_cmos: rtc core: registered rtc_cmos as rtc0
[    5.471739] rtc_cmos rtc_cmos: alarms up to one day, 114 bytes nvram
[    5.472824] i2c /dev entries driver
[    5.473542] device-mapper: uevent: version 1.0.3
[    5.474469] device-mapper: ioctl: 4.34.0-ioctl (2015-10-28) initialised: dm-devel@redhat.com
[    5.475994] ledtrig-cpu: registered to indicate activity on CPUs
[    5.477406] NET: Registered protocol family 10
[    5.487343] NET: Registered protocol family 17
[    5.504516] Key type dns_resolver registered
[    5.505555] registered taskstats version 1
[    5.506353] Loading compiled-in X.509 certificates
[    5.507924] Loaded X.509 cert 'Build time autogenerated kernel key: fc7b57a7df019f2655f66a8a374d74ee8f4999fc'
[    5.509949] zswap: loaded using pool lzo/zbud
[    5.512891] Key type trusted registered
[    5.516756] Key type encrypted registered
[    5.525713] AppArmor: AppArmor sha1 policy hashing enabled
[    5.526644] ima: No TPM chip found, activating TPM-bypass!
[    5.527590] evm: HMAC attrs: 0x1
[    5.528562]   Magic number: 14:474:335
[    5.529286] tty tty56: hash matches
[    5.530022] rtc_cmos rtc_cmos: setting system clock to 2018-08-08 15:20:42 UTC (1533741642)
[    5.540371] BIOS EDD facility v0.16 2004-Jun-25, 0 devices found
[    5.541676] EDD information not available.
[    5.567036] Freeing unused kernel memory: 1512K
[    5.570821] Write protecting the kernel read-only data: 14336k
[    6.276809] tsc: Refined TSC clocksource calibration: 2711.851 MHz
[    6.276811] clocksource: tsc: mask: 0xffffffffffffffff max_cycles: 0x2716f989762, max_idle_ns: 440795229532 ns
[    6.944543] Freeing unused kernel memory: 1688K
[    6.951958] Freeing unused kernel memory: 96K
Loading, please wait...
starting version 229
[    6.972867] random: systemd-udevd: uninitialized urandom read (16 bytes read, 5 bits of entropy available)
[    6.973347] random: udevadm: uninitialized urandom read (16 bytes read, 5 bits of entropy available)
[    6.973370] random: udevadm: uninitialized urandom read (16 bytes read, 5 bits of entropy available)
[    6.986002] random: systemd-udevd: uninitialized urandom read (16 bytes read, 5 bits of entropy available)
[    6.987637] random: udevadm: uninitialized urandom read (16 bytes read, 5 bits of entropy available)
[    6.987701] random: udevadm: uninitialized urandom read (16 bytes read, 5 bits of entropy available)
[    6.987843] random: udevadm: uninitialized urandom read (16 bytes read, 5 bits of entropy available)
[    6.987894] random: udevadm: uninitialized urandom read (16 bytes read, 5 bits of entropy available)
[    6.987942] random: udevadm: uninitialized urandom read (16 bytes read, 5 bits of entropy available)
[    6.987993] random: udevadm: uninitialized urandom read (16 bytes read, 5 bits of entropy available)
[    7.029051] Fusion MPT base driver 3.04.20
[    7.029972] Copyright (c) 1999-2008 LSI Corporation
[    7.031109] e1000: Intel(R) PRO/1000 Network Driver - version 7.3.21-k8-NAPI
[    7.032258] e1000: Copyright (c) 1999-2006 Intel Corporation.
[    7.048987] Fusion MPT SPI Host driver 3.04.20
[    7.062942] AVX2 version of gcm_enc/dec engaged.
[    7.063964] AES CTR mode by8 optimization enabled
[    7.247861] input: ImExPS/2 Generic Explorer Mouse as /devices/platform/i8042/serio1/input/input4
[    7.402725] e1000 0000:00:03.0 eth0: (PCI:33MHz:32-bit) 02:dd:f6:ca:b5:3d
[    7.404100] e1000 0000:00:03.0 eth0: Intel(R) PRO/1000 Network Connection
[    7.407013] e1000 0000:00:03.0 enp0s3: renamed from eth0
[    7.415752] mptbase: ioc0: Initiating bringup
[    7.480844] ioc0: LSI53C1030 A0: Capabilities={Initiator}
[    7.644897] scsi host2: ioc0: LSI53C1030 A0, FwRev=00000000h, Ports=1, MaxQ=256, IRQ=20
[    7.765789] scsi 2:0:0:0: Direct-Access     VBOX     HARDDISK         1.0  PQ: 0 ANSI: 5
[    7.806095] scsi target2:0:0: Beginning Domain Validation
[    7.842371] scsi target2:0:0: Domain Validation skipping write tests
[    7.869559] scsi target2:0:0: Ending Domain Validation
[    7.870786] scsi target2:0:0: asynchronous
[    7.872412] scsi 2:0:1:0: Direct-Access     VBOX     HARDDISK         1.0  PQ: 0 ANSI: 5
[    7.874222] scsi target2:0:1: Beginning Domain Validation
[    7.887453] scsi target2:0:1: Domain Validation skipping write tests
[    7.944511] scsi target2:0:1: Ending Domain Validation
[    7.986082] scsi target2:0:1: asynchronous
[    7.993966] sd 2:0:0:0: Attached scsi generic sg0 type 0
[    7.994276] sd 2:0:0:0: [sda] 20971520 512-byte logical blocks: (10.7 GB/10.0 GiB)
[    7.994408] sd 2:0:0:0: [sda] Write Protect is off
[    7.994484] sd 2:0:0:0: [sda] Incomplete mode parameter data
[    7.994485] sd 2:0:0:0: [sda] Assuming drive cache: write through
[    7.997085]  sda: sda1
[    7.997635] sd 2:0:0:0: [sda] Attached SCSI disk
[    8.001569] sd 2:0:1:0: Attached scsi generic sg1 type 0
[    8.001739] sd 2:0:1:0: [sdb] 20480 512-byte logical blocks: (10.5 MB/10.0 MiB)
[    8.001892] sd 2:0:1:0: [sdb] Write Protect is off
[    8.001990] sd 2:0:1:0: [sdb] Incomplete mode parameter data
[    8.001992] sd 2:0:1:0: [sdb] Assuming drive cache: write through
[    8.005755] sd 2:0:1:0: [sdb] Attached SCSI disk
Begin: Loading e[    9.428289] md: linear personality registered for level -1
ssential drivers ... [    9.438162] md: multipath personality registered for level -4
[    9.455708] md: raid0 personality registered for level 0
[    9.470668] md: raid1 personality registered for level 1
[    9.540785] raid6: sse2x1   gen()  9670 MB/s
[    9.636372] raid6: sse2x1   xor()  7414 MB/s
[    9.776692] raid6: sse2x2   gen() 11187 MB/s
[    9.844296] raid6: sse2x2   xor()  6574 MB/s
[    9.924629] raid6: sse2x4   gen() 13456 MB/s
[   10.028590] raid6: sse2x4   xor()  9000 MB/s
[   10.096603] raid6: avx2x1   gen() 19592 MB/s
[   10.184807] raid6: avx2x2   gen() 23317 MB/s
[   10.268647] raid6: avx2x4   gen() 22489 MB/s
[   10.336511] raid6: using algorithm avx2x2 gen() 23317 MB/s
[   10.337815] raid6: using avx2x2 recovery algorithm
[   10.340181] xor: automatically using best checksumming function:
[   10.384723]    avx       : 17267.000 MB/sec
[   10.387005] async_tx: api initialized (async)
[   10.395096] md: raid6 personality registered for level 6
[   10.404803] md: raid5 personality registered for level 5
[   10.432904] md: raid4 personality registered for level 4
[   10.449974] md: raid10 personality registered for level 10
done.
Begin: Running /scripts/init-premount ... done.
Begin: Mounting root file system ... Begin: Running /scripts/local-top ... done.
Begin: Running /scripts/local-premount ... [   10.484819] Btrfs loaded
Scanning for Btrfs filesystems
done.
Warning: fsck no[   10.531534] EXT4-fs (sda1): mounted filesystem with ordered data mode. Opts: (null)
t present, so skipping root file system
done.
Begin: Running /scripts/local-bottom ... done.
Begin: Running /scripts/init-bottom ... done.
[   10.695662] systemd[1]: systemd 229 running in system mode. (+PAM +AUDIT +SELINUX +IMA +APPARMOR +SMACK +SYSVINIT +UTMP +LIBCRYPTSETUP +GCRYPT +GNUTLS +ACL +XZ -LZ4 +SECCOMP +BLKID +ELFUTILS +KMOD -IDN)
[   10.699687] systemd[1]: Detected virtualization oracle.
[   10.700595] systemd[1]: Detected architecture x86-64.

Welcome to [1mUbuntu 16.04.4 LTS[0m!

[   10.770455] systemd[1]: Set hostname to <ubuntu>.
[   10.817856] systemd[1]: Initializing machine ID from random generator.
[   10.819748] systemd[1]: Installed transient /etc/machine-id file.
[   10.974827] systemd[1]: Listening on udev Control Socket.
[[0;32m  OK  [0m] Listening on udev Control Socket.
[   10.976771] systemd[1]: Listening on Syslog Socket.
[[0;32m  OK  [0m] Listening on Syslog Socket.
[   10.978570] systemd[1]: Listening on udev Kernel Socket.
[[0;32m  OK  [0m] Listening on udev Kernel Socket.
[   10.980415] systemd[1]: Started Trigger resolvconf update for networkd DNS.
[[0;32m  OK  [0m] Started Trigger resolvconf update for networkd DNS.
[   10.982775] systemd[1]: Listening on Journal Audit Socket.
[[0;32m  OK  [0m] Listening on Journal Audit Socket.
[   11.037840] systemd[1]: Listening on Device-mapper event daemon FIFOs.
[[0;32m  OK  [0m] Listening on Device-mapper event daemon FIFOs.
[   11.230045] systemd[1]: Created slice User and Session Slice.
[[0;32m  OK  [0m] Created slice User and Session Slice.
[   11.314073] systemd[1]: Listening on /dev/initctl Compatibility Named Pipe.
[[0;32m  OK  [0m] Listening on /dev/initctl Compatibility Named Pipe.
[   11.353909] systemd[1]: Listening on LVM2 poll daemon socket.
[[0;32m  OK  [0m] Listening on LVM2 poll daemon socket.
[   11.365544] systemd[1]: Listening on Journal Socket.
[[0;32m  OK  [0m] Listening on Journal Socket.
[   11.370919] systemd[1]: Reached target System Time Synchronized.
[[0;32m  OK  [0m] Reached target System Time Synchronized.
[   11.452931] systemd[1]: Reached target Swap.
[[0;32m  OK  [0m] Reached target Swap.
[   11.551599] systemd[1]: Reached target Encrypted Volumes.
[[0;32m  OK  [0m] Reached target Encrypted Volumes.
[   11.637307] systemd[1]: Listening on LVM2 metadata daemon socket.
[[0;32m  OK  [0m] Listening on LVM2 metadata daemon socket.
[   11.777125] systemd[1]: Set up automount Arbitrary Executable File Formats File System Automount Point.
[[0;32m  OK  [0m] Set up automount Arbitrary Executab...ats File System Automount Point.
[   11.948672] systemd[1]: Started Forward Password Requests to Wall Directory Watch.
[[0;32m  OK  [0m] Started Forward Password Requests to Wall Directory Watch.
[   11.977160] systemd[1]: Created slice System Slice.
[[0;32m  OK  [0m] Created slice System Slice.
[   11.979332] systemd[1]: Reached target Slices.
[[0;32m  OK  [0m] Reached target Slices.
[   12.009600] systemd[1]: Created slice system-serial\x2dgetty.slice.
[[0;32m  OK  [0m] Created slice system-serial\x2dgetty.slice.
[   12.024344] systemd[1]: Mounting Debug File System...
         Mounting Debug File System...
[   12.033910] systemd[1]: Starting Monitoring of LVM2 mirrors, snapshots etc. using dmeventd or progress polling...
         Starting Monitoring of LVM2 mirrors... dmeventd or progress polling...
[   12.080121] systemd[1]: Starting Set console keymap...
         Starting Set console keymap...
[   12.085547] systemd[1]: Mounting Huge Pages File System...
         Mounting Huge Pages File System...
[   12.119426] systemd[1]: Starting Load Kernel Modules...
         Starting Load Kernel Modules...
[   12.125881] systemd[1]: Starting Remount Root and Kernel File Systems...
         Starting Remount Root and Kernel File Systems...
[   12.143338] Loading iSCSI transport class v2.0-870.
[   12.144385] EXT4-fs (sda1): re-mounted. Opts: (null)
[   12.146774] systemd[1]: Starting Nameserver information manager...
         Starting Nameserver information manager...
[   12.158578] systemd[1]: Starting Uncomplicated firewall...
         Starting Uncomplicated firewall...
[   12.164189] systemd[1]: Starting Create list of required static device nodes for the current kernel...
[   12.169637] random: nonblocking pool is initialized
         [   12.174081] iscsi: registered transport (tcp)
Starting Create list of required st... nodes for the current kernel...
[   12.180479] systemd[1]: Reached target User and Group Name Lookups.
[[0;32m  OK  [0m] Reached target User and Group Name Lookups.
[   12.198320] systemd[1]: Mounting POSIX Message Queue File System...
         Mounting POSIX Message Queue File System...
[   12.205143] systemd[1]: Listening on Journal Socket (/dev/log).
[[0;32m  OK  [0m] Listening on Journal Socket (/dev/log).
[   12.223786] systemd[1]: Starting Journal Service...
         Starting Journal Service...
[   12.228192] systemd[1]: Mounted POSIX Message Queue File System.
[[0;32m  OK  [0m] Mounted POSIX Message Queue File System.
[   12.230931] systemd[1]: Mounted Huge Pages File System.
[[0;32m  OK  [0m] Mounted Huge Pag[   12.234067] iscsi: registered transport (iser)
es File System.
[   12.262724] systemd[1]: Mounted Debug File System.
[[0;32m  OK  [0m] Mounted Debug File System.
[   12.269687] systemd[1]: Started Journal Service.
[[0;32m  OK  [0m] Started Journal Service.
[[0;32m  OK  [0m] Started Set console keymap.
[[0;32m  OK  [0m] Started Load Kernel Modules.
[[0;32m  OK  [0m] Started Remount Root and Kernel File Systems.
[[0;32m  OK  [0m] Started Uncomplicated firewall.
[[0;32m  OK  [0m] Started Create list of required sta...ce nodes for the current kernel.
[[0;32m  OK  [0m] Started Nameserver information manager.
[[0;32m  OK  [0m] Started LVM2 metadata daemon.
         Starting Create Static Device Nodes in /dev...
         Starting udev Coldplug all Devices...
         Starting Load/Save Random Seed...
         Starting Apply Kernel Variables...
         Mounting FUSE Control File System...
         Starting Flush Journal to Persistent Storage...
[[0;32m  OK  [0m] Mounted FUSE Control File System.
[[0;32m  OK  [0m] Started Create Static Device Nodes in /dev.
[[0;32m  OK  [0m] Started Load/Save Random Seed.
[[0;32m  OK  [0m] Started Apply Kernel Variables.
[[0;32m  OK  [0m] Started udev Coldplug all Devices.
[[0;32m  OK  [0m] Started Flush Journal to Persistent Storage.
         Starting udev Kernel Device Manager...
[[0;32m  OK  [0m] Started udev Kernel Device Manager.
[[0;32m  OK  [0m] Started Dispatch Password Requests to Console Directory Watch.
[[0;32m  OK  [0m] Found device /dev/ttyS0.
[[0;32m  OK  [0m] Started Monitoring of LVM2 mirrors,...ng dmeventd or progress polling.
[[0;32m  OK  [0m] Listening on Load/Save RF Kill Switch Status /dev/rfkill Watch.
[[0;32m  OK  [0m] Reached target Local File Systems (Pre).
[[0;32m  OK  [0m] Reached target Local File Systems.
         Starting Commit a transient machine-id on disk...
         Starting Create Volatile Files and Directories...
         Starting Initial cloud-init job (pre-networking)...
         Starting Set console font and keymap...
         Starting Tell Plymouth To Write Out Runtime Data...
         Starting LSB: AppArmor initialization...
[[0;32m  OK  [0m] Started Commit a transient machine-id on disk.
[[0;32m  OK  [0m] Started Create Volatile Files and Directories.
[[0;32m  OK  [0m] Started Tell Plymouth To Write Out Runtime Data.
         Starting Update UTMP about System Boot/Shutdown...
[[0;32m  OK  [0m] Started Update UTMP about System Boot/Shutdown.
[[0;32m  OK  [0m] Started Set console font and keymap.
[[0;32m  OK  [0m] Created slice system-getty.slice.
[[0;32m  OK  [0m] Started LSB: AppArmor initialization.
[   12.624334] cloud-init[634]: Cloud-init v. 18.2 running 'init-local' at Wed, 08 Aug 2018 15:20:51 +0000. Up 12.29 seconds.
[[0;32m  OK  [0m] Started Initial cloud-init job (pre-networking).
[[0;32m  OK  [0m] Reached target Network (Pre).
         Starting Raise network interfaces...
[[0;32m  OK  [0m] Started Raise network interfaces.
[[0;32m  OK  [0m] Reached target Network.
         Starting Initial cloud-init job (metadata service crawler)...
[   13.920520] cloud-init[959]: Cloud-init v. 18.2 running 'init' at Wed, 08 Aug 2018 15:20:52 +0000. Up 13.18 seconds.
[   13.941269] cloud-init[959]: ci-info: +++++++++++++++++++++++++++++++++++++Net device info++++++++++++++++++++++++++++++++++++++
[   13.971421] cloud-init[959]: ci-info: +--------+------+----------------------------+---------------+-------+-------------------+
[   13.978953] cloud-init[959]: ci-info: | Device |  Up  |          Address           |      Mask     | Scope |     Hw-Address    |
[   14.004752] cloud-init[959]: ci-info: +--------+------+----------------------------+---------------+-------+-------------------+
[   14.060593] cloud-init[959]: ci-info: | enp0s3 | True |         10.0.2.15          | 255.255.255.0 |   .   | 02:dd:f6:ca:b5:3d |
[   14.061502] cloud-init[959]: ci-info: | enp0s3 | True | fe80::dd:f6ff:feca:b53d/64 |       .       |  link | 02:dd:f6:ca:b5:3d |
[   14.061611] cloud-init[959]: ci-info: |   lo   | True |         127.0.0.1          |   255.0.0.0   |   .   |         .         |
[   14.061684] cloud-init[959]: ci-info: |   lo   | True |          ::1/128           |       .       |  host |         .         |
[   14.061754] cloud-init[959]: ci-info: +--------+------+----------------------------+---------------+-------+-------------------+
[   14.061832] cloud-init[959]: ci-info: +++++++++++++++++++++++++++Route IPv4 info++++++++++++++++++++++++++++
[   14.061973] cloud-init[959]: ci-info: +-------+-------------+----------+---------------+-----------+-------+
[   14.062057] cloud-init[959]: ci-info: | Route | Destination | Gateway  |    Genmask    | Interface | Flags |
[   14.062136] cloud-init[959]: ci-info: +-------+-------------+----------+---------------+-----------+-------+
[   14.062208] cloud-init[959]: ci-info: |   0   |   0.0.0.0   | 10.0.2.2 |    0.0.0.0    |   enp0s3  |   UG  |
[   14.062281] cloud-init[959]: ci-info: |   1   |   10.0.2.0  | 0.0.0.0  | 255.255.255.0 |   enp0s3  |   U   |
[   14.062351] cloud-init[959]: ci-info: +-------+-------------+----------+---------------+-----------+-------+
[   14.062423] cloud-init[959]: Generating public/private rsa key pair.
[   14.062499] cloud-init[959]: Your identification has been saved in /etc/ssh/ssh_host_rsa_key.
[   14.062586] cloud-init[959]: Your public key has been saved in /etc/ssh/ssh_host_rsa_key.pub.
[   14.062698] cloud-init[959]: The key fingerprint is:
[   14.062801] cloud-init[959]: SHA256:x57WIIEnjsJiRNTruiqdAKRw5xGgV4VAVFd3/2gr1yg root@ubuntu-xenial
[   14.063018] cloud-init[959]: The key's randomart image is:
[   14.063277] cloud-init[959]: +---[RSA 2048]----+
[   14.063400] cloud-init[959]: |.=*+++o.. . .    |
[   14.063508] cloud-init[959]: |oo.o+. . . . .   |
[   14.063613] cloud-init[959]: |=o.o..o o     .  |
[   14.063721] cloud-init[959]: |+o ..o o o     o |
[   14.063826] cloud-init[959]: |o.+ . . S +   o .|
[   14.064016] cloud-init[959]: |o. o     + + . + |
[   14.064132] cloud-init[959]: | o..      + E + .|
[   14.064253] cloud-init[959]: |..o      .   +   |
[   14.064353] cloud-init[959]: |+..              |
[[0;32m  OK  [0m] Started Initial cloud-init job (metadata service crawler).
[   14.064572] [[0;32m  OK  [0m] Reached target System Initialization.
cloud-init[959]: +----[SHA256]-----+
[   14.542366] [[0;32m  OK  [0m] Started ACPI Events Check.
[[0;32m  OK  [0m] Reached target Paths.
cloud-init[959]: Generating public/private dsa key pair.
[   14.547838]          Starting LXD - unix socket.
[[0;32m  OK  [0m] Started Daily Cleanup of Temporary Directories.
[[0;32m  OK  [0m] Listening on D-Bus System Message Bus Socket.
[[0;32m  OK  [0m] Started Daily apt download activities.
         Starting Socket activation for snappy daemon.
[[0;32m  OK  [0m] Started Daily apt upgrade and clean activities.
[[0;32m  OK  [0m] Reached target Timers.
[[0;32m  OK  [0m] Listening on UUID daemon activation socket.
[[0;32m  OK  [0m] Listening on ACPID Listen Socket.
[[0;32m  OK  [0m] Reached target Network is Online.
cloud-init[959]: Your identification has been saved in /etc/ssh/ssh_host_dsa_key.
[   14.882432]          Starting iSCSI initiator daemon (iscsid)...
[[0;32m  OK  [0m] Reached target Cloud-config availability.
[[0;32m  OK  [0m] Listening on LXD - unix socket.
[[0;32m  OK  [0m] Listening on Socket activation for snappy daemon.
cloud-init[959]: Your public key has been saved in /etc/ssh/ssh_host_dsa_key.pub.
[   14.915588] cloud-init[959]: The key fingerprint is:
[   14.936967] [[0;32m  OK  [0m] Started iSCSI initiator daemon (iscsid).
cloud-init[959]: SHA256:ktbAMwsf5IKHaTapN7j3FCqUvse2/oLoHvK0Iqe+aTk root@ubuntu-xenial
[   14.953574] cloud-init[959]: The key's randomart image is:
[   14.964834]          cloud-initStarting Login to default iSCSI targets...[959]: 
+---[DSA 1024]----+
[   15.008740] [[0;32m  OK  [0m] Reached target Sockets.
[[0;32m  OK  [0m] Reached target Basic System.
cloud-init[959]: |      .          |
[   15.048894]          Starting System Logging Service...
cloud-init[959]: |   = +           |
[   15.074093]          Starting Login Service...
[[0;32m  OK  [0m] Started Unattended Upgrades Shutdown.
[[0;32m  OK  [0m] Started Deferred execution scheduler.
cloud-init[959]: |  O + B          |
         Starting Accounts Service...
[   15.097094] cloud-init[959]: | =.o + O         |
[   15.150861]          Starting Apply the settings specified in cloud-config...
cloud-init[959]: |ooo . * S        |
[   15.162600] cloud-init[959]: |oo o o .         |
[   15.164288] cloud-init[959]: |=oB .            |
[   15.178419]          Starting LSB: MD monitoring daemon...
cloud-init[959]: [[0;32m  OK  [0m] Started FUSE filesystem for LXC.
|=E=O             |
[   15.181430] [[0;32m  OK  [0m] Started ACPI event daemon.
cloud-init[959]: |B@Oo=.           |[[0;32m  OK  [0m] Started D-Bus System Message Bus.

[   15.219665] cloud-init[959]: +----[SHA256]-----+
[   15.268679]          cloud-initStarting Snappy daemon...[959]: 
Generating public/private ecdsa key pair.
         Starting /etc/rc.local Compatibility...
[   15.301461] cloud-init[959]: Your identification has been saved in /etc/ssh/ssh_host_ecdsa_key.
[   15.314715] cloud-init[959]: Your public key has been saved in /etc/ssh/ssh_host_ecdsa_key.pub.
[   15.314828] cloud-init[959]: The key fingerprint is:
[   15.314861] cloud-init[959]: SHA256:tnLbyCEN43f+8Ac59TO1mqcdu3bV87G9gXN5ZI4zo7w root@ubuntu-xenial
[   15.314892] cloud-init[959]: The key's randomart image is:
[   15.314934] cloud-init[959]: +---[ECDSA 256]---+
[   15.314966] cloud-init[959]: |                 |
[   15.314995] cloud-init[959]: |                 |
[   15.315029] cloud-init[959]: |                 |
[   15.315060] cloud-init[959]: |              . .|
[   15.315089] cloud-init[959]: |      o S    o .*|
[   15.315119] cloud-init[959]: |     . = .  + .@=|
[   15.315148] cloud-init[959]: |      + * o  =B=%|
[   15.315177] cloud-init[959]: |       * B + +=BO|
[   15.315205] cloud-init[959]: |        + o.E++=+|
[   15.315237] cloud-init[959]: +----[SHA256]-----+
[   15.315267] cloud-init[959]: Generating public/private ed25519 key pair.
[   15.315306] cloud-init[959]: Your identification has been saved in /etc/ssh/ssh_host_ed25519_key.
[   15.315341] cloud-init[959]: Your public key has been saved in /etc/ssh/ssh_host_ed25519_key.pub.
[   15.315376] cloud-init[959]: The key fingerprint is:
[   15.315411] cloud-init[959]: SHA256:dwGQUQh+C+UFwpJx7VoPw232meYqsSUvGal5ViZvVIs root@ubuntu-xenial
[   15.315444] cloud-init[959]: The key's randomart image is:
[   15.315479] cloud-init[959]: +--[ED25519 256]--+
[   15.315511] cloud-init[959]: |    .++o=B+      |
[   15.315616] cloud-init[959]: |    oo.++. .     |
[   15.315658] cloud-init[959]: |     .ooo.  .    |
[   15.315687] cloud-init[959]: |       o*.+ ..   |
[   15.315720] cloud-init[959]: |       oSB.+.+   |
[   15.315791] cloud-init[959]: |      . *.E.*    |
[   15.315830] cloud-init[959]: |       o # o     |
[   15.315872] cloud-init[959]: |      o B + .    |
[   15.315912] cloud-init[959]: |       o +..     |
[   15.315949] cloud-init[959]: +----[SHA256]-----+
         Starting Virtualbox guest utils...
         Starting Pollinate to seed the pseudo random number generator...
         Starting LSB: Record successful boot for GRUB...
         Starting LXD - container startup/shutdown...
[[0;32m  OK  [0m] Started Regular background program processing daemon.
[[0;32m  OK  [0m] Started System Logging Service.
[[0;32m  OK  [0m] Started /etc/rc.local Compatibility.
[[0;32m  OK  [0m] Started Snappy daemon.
[[0;32m  OK  [0m] Started Login to default iSCSI targets.
[[0;32m  OK  [0m] Started LSB: MD monitoring daemon.
[[0;32m  OK  [0m] Started LXD - container startup/shutdown.
[[0;32m  OK  [0m] Started Login Service.
         Starting Authenticate and Authorize Users to Run Privileged Tasks...
[[0;32m  OK  [0m] Reached target Remote File Systems (Pre).
[[0;32m  OK  [0m] Reached target Remote File Systems.
         Starting LSB: Set the CPU Frequency Scaling governor to "ondemand"...
         Starting Permit User Sessions...
         Starting LSB: automatic crash report generation...
         Starting LSB: daemon to balance interrupts for SMP systems...
         Starting Wait until snapd is fully seeded...
[[0;32m  OK  [0m] Started LSB: Record successful boot for GRUB.
[[0;32m  OK  [0m] Started Permit User Sessions.
[[0;32m  OK  [0m] Started Virtualbox guest utils.
[[0;32m  OK  [0m] Started Authenticate and Authorize Users to Run Privileged Tasks.
[[0;32m  OK  [0m] Started Accounts Service.
         Starting Terminate Plymouth Boot Screen...
         Starting Hold until boot process finishes up...
[[0;32m  OK  [0m] Started Hold until boot process finishes up.
[[0;32m  OK  [0m] Started Terminate Plymouth Boot Screen.
[[0;32m  OK  [0m] Started Getty on tty1.
         Starting Set console scheme...
[[0;32m  OK  [0m] Started Serial Getty on ttyS0.
[[0;32m  OK  [0m] Reached target Login Prompts.
[[0;32m  OK  [0m] Started LSB: Set the CPU Frequency Scaling governor to "ondemand".
[[0;32m  OK  [0m] Started LSB: automatic crash report generation.
[[0;32m  OK  [0m] Started LSB: daemon to balance interrupts for SMP systems.
[[0;32m  OK  [0m] Started Set console scheme.
[   15.983894] cloud-init[1071]: Generating locales (this might take a while)...
[[0;32m  OK  [0m] Started Pollinate to seed the pseudo random number generator.
         Starting OpenBSD Secure Shell server...
[[0;32m  OK  [0m] Started OpenBSD Secure Shell server.
[   17.160621] cloud-init[1071]:   en_US.UTF-8... done
[   17.162762] cloud-init[1071]: Generation complete.
[   17.479804] cloud-init[1071]: Cloud-init v. 18.2 running 'modules:config' at Wed, 08 Aug 2018 15:20:54 +0000. Up 15.66 seconds.
[[0;32m  OK  [0m] Started Apply the settings specified in cloud-config.
[[0;32m  OK  [0m] Created slice User Slice of vagrant.
         Starting User Manager for UID 1000...
[[0;32m  OK  [0m] Started Session 1 of user vagrant.
[[0;32m  OK  [0m] Started User Manager for UID 1000.
[[0;32m  OK  [0m] Started Wait until snapd is fully seeded.
[[0;32m  OK  [0m] Reached target Multi-User System.
[[0;32m  OK  [0m] Reached target Graphical Interface.
         Starting Update UTMP about System Runlevel Changes...
         Starting Execute cloud user/final scripts...
[[0;32m  OK  [0m] Started Update UTMP about System Runlevel Changes.
ci-info: no authorized ssh keys fingerprints found for user ubuntu.
<14>Aug  8 15:21:00 ec2: 
<14>Aug  8 15:21:00 ec2: #############################################################
<14>Aug  8 15:21:00 ec2: -----BEGIN SSH HOST KEY FINGERPRINTS-----
<14>Aug  8 15:21:00 ec2: 1024 SHA256:ktbAMwsf5IKHaTapN7j3FCqUvse2/oLoHvK0Iqe+aTk root@ubuntu-xenial (DSA)
<14>Aug  8 15:21:00 ec2: 256 SHA256:tnLbyCEN43f+8Ac59TO1mqcdu3bV87G9gXN5ZI4zo7w root@ubuntu-xenial (ECDSA)
<14>Aug  8 15:21:00 ec2: 256 SHA256:dwGQUQh+C+UFwpJx7VoPw232meYqsSUvGal5ViZvVIs root@ubuntu-xenial (ED25519)
<14>Aug  8 15:21:00 ec2: 2048 SHA256:x57WIIEnjsJiRNTruiqdAKRw5xGgV4VAVFd3/2gr1yg root@ubuntu-xenial (RSA)
<14>Aug  8 15:21:00 ec2: -----END SSH HOST KEY FINGERPRINTS-----
<14>Aug  8 15:21:00 ec2: #############################################################
-----BEGIN SSH HOST KEY KEYS-----
ecdsa-sha2-nistp256 AAAAE2VjZHNhLXNoYTItbmlzdHAyNTYAAAAIbmlzdHAyNTYAAABBBB82W1rN6gEasLSCWyBniTH/TuUhme+fHUJgpha4T3CIo+BtiE9SJx8APPGD4lkVhefkPeduh4Z9n3doWM8tvHQ= root@ubuntu-xenial
ssh-ed25519 AAAAC3NzaC1lZDI1NTE5AAAAIJbamyGV8o8r0/LjrqQ7cZkzIEuIevtiRQyNEHYBYK3i root@ubuntu-xenial
ssh-rsa AAAAB3NzaC1yc2EAAAADAQABAAABAQDFkWSNoeP2+uVMfDiJsSWwbH6VhhoXauzI3y9exuMr7xmJB1Y+1puCRypdcl9abZHQTyI/iQbPfb1p9mRBfVbrn3pjSrH1mrkJbhV345lMs4ToDO7zPJzR1C/OrMPUv0QJeG4ir9lKdnEep0FLMR1h6VkIE6+hy/sPcmnRWlaO2pMsCPjq/QaUE1c79n/s9uplL2g1q1mxvZ2MtNIJTqMbQvCxQVPYrbP7s0a/J+RpS0/vMzioqj+K8RPr1VLcAKrqsFNySNZDRN7CHO/GlzUBx9evKlfDOyH+uYl6heKD5PfdIIs8/mofTg+mzGyz9A6QAIdjlU/82pxZl46dd4v7 root@ubuntu-xenial
-----END SSH HOST KEY KEYS-----
[   20.924453] cloud-init[1487]: Cloud-init v. 18.2 running 'modules:final' at Wed, 08 Aug 2018 15:20:59 +0000. Up 20.60 seconds.
[   20.926947] cloud-init[1487]: ci-info: no authorized ssh keys fingerprints found for user ubuntu.
[   20.929468] cloud-init[1487]: Cloud-init v. 18.2 finished at Wed, 08 Aug 2018 15:21:00 +0000. Datasource DataSourceNoCloud [seed=/dev/sdb][dsmode=net].  Up 20.91 seconds

Ubuntu 16.04.4 LTS ubuntu-xenial ttyS0

ubuntu-xenial login: 